#-----------------------------------------------------------
# Vivado v2019.1 (64-bit)
# SW Build 2552052 on Fri May 24 14:49:42 MDT 2019
# IP Build 2548770 on Fri May 24 18:01:18 MDT 2019
# Start of session at: Sat Nov 16 19:40:49 2019
# Process ID: 380
# Current directory: C:/Users/Francisco/Desktop/lab4_s1
# Command line: vivado.exe -gui_launcher_event rodinguilauncherevent596 C:\Users\Francisco\Desktop\lab4_s1\lab4_s1.xpr
# Log file: C:/Users/Francisco/Desktop/lab4_s1/vivado.log
# Journal file: C:/Users/Francisco/Desktop/lab4_s1\vivado.jou
#-----------------------------------------------------------
start_gui
open_project C:/Users/Francisco/Desktop/lab4_s1/lab4_s1.xpr
launch_simulation
source tb_phone_mgr.tcl
restart
restart
run 4 us
close_sim
launch_simulation
source tb_phone_mgr.tcl
restart
run 4 us
close_sim
launch_simulation
source tb_phone_mgr.tcl
restart
run 4 us
close_sim
launch_simulation
source tb_phone_mgr.tcl
restart
run 4 us
close_sim
launch_simulation
source tb_phone_mgr.tcl
restart
run 4 us
close_sim
launch_simulation
source tb_phone_mgr.tcl
restart
run 4 us
current_wave_config {Untitled 6}
add_wave {{/tb_phone_mgr/test_unit/tempor/ttt}} 
restart
run 4 us
close_sim
launch_simulation
source tb_phone_mgr.tcl
restart
run 4 us
close_sim
launch_simulation
source tb_phone_mgr.tcl
restart
run 4 us
close_sim
close_project
